// Jest Snapshot v1, https://goo.gl/fbAQLP

exports[`renders without crashing 1`] = `
<div
  className="car-search screen background--blue"
>
  <div
    className="car-search__search-container background--yellow"
  >
    <h2
      className="car-search__header"
    >
      Letâ€™s find your ideal car
    </h2>
    <label
      className="car-search__label"
    >
      Pick-up Location
    </label>
    <input
      className="car-search__input"
      placeholder="city, airport, station, region and district..."
    />
  </div>
</div>
`;
